// Jest Snapshot v1, https://goo.gl/fbAQLP

exports[`should render ClienteInfoCard 1`] = `
.emotion-2 {
  background-color: #fff;
  color: #3B3B41DE;
  -webkit-transition: box-shadow 300ms cubic-bezier(0.4, 0, 0.2, 1) 0ms;
  transition: box-shadow 300ms cubic-bezier(0.4, 0, 0.2, 1) 0ms;
  border-radius: 4px;
  box-shadow: 0px 2px 1px -1px rgba(0,0,0,0.2),0px 1px 1px 0px rgba(0,0,0,0.14),0px 1px 3px 0px rgba(0,0,0,0.12);
  overflow: hidden;
  overflow: visible;
  border-radius: 0.5rem;
  box-shadow: 0px 2px 4px -1px rgba(233, 233, 233, 0.8),0px 4px 5px rgba(233, 233, 233, 0.14),0px 1px 10px rgba(233, 233, 233, 0.12);
  background-color: #fff;
  display: grid;
  grid-template-rows: auto 1fr auto;
}

.emotion-4 {
  display: -webkit-box;
  display: -webkit-flex;
  display: -ms-flexbox;
  display: flex;
  -webkit-align-items: center;
  -webkit-box-align: center;
  -ms-flex-align: center;
  align-items: center;
  padding: 16px;
  display: grid;
  grid-template-columns: 1fr auto auto;
  grid-template-areas: 'content avatar action';
  border-bottom: 1px solid #0000001F;
}

.emotion-4 .MuiCardHeader-content {
  grid-area: content;
}

.emotion-4 .MuiCardHeader-avatar {
  margin-right: 0;
  margin-left: 0.5rem;
  grid-area: avatar;
}

.emotion-4 .MuiCardHeader-avatar>div {
  display: -webkit-box;
  display: -webkit-flex;
  display: -ms-flexbox;
  display: flex;
}

.emotion-4 .MuiCardHeader-action {
  grid-area: action;
  margin: auto;
}

.emotion-5 {
  display: -webkit-box;
  display: -webkit-flex;
  display: -ms-flexbox;
  display: flex;
  -webkit-flex: 0 0 auto;
  -ms-flex: 0 0 auto;
  flex: 0 0 auto;
  margin-right: 16px;
}

.emotion-6 {
  -webkit-flex: 1 1 auto;
  -ms-flex: 1 1 auto;
  flex: 1 1 auto;
}

.emotion-7 {
  margin: 0;
  font-weight: 400;
  font-size: 0.875rem;
  line-height: 1.125rem;
  letter-spacing: 0.0094rem;
  font-family: Lato,sans-serif;
  display: block;
}

.emotion-8 {
  display: grid;
  -webkit-column-gap: 0.25rem;
  column-gap: 0.25rem;
  white-space: nowrap;
  grid-template-columns: auto 1fr;
  -webkit-align-items: baseline;
  -webkit-box-align: baseline;
  -ms-flex-align: baseline;
  align-items: baseline;
}

.emotion-10 {
  display: -webkit-box;
  display: -webkit-flex;
  display: -ms-flexbox;
  display: flex;
  -webkit-align-items: center;
  -webkit-box-align: center;
  -ms-flex-align: center;
  align-items: center;
  -webkit-box-pack: center;
  -ms-flex-pack: center;
  -webkit-justify-content: center;
  justify-content: center;
  -webkit-column-gap: 0.25rem;
  column-gap: 0.25rem;
}

.emotion-12 {
  margin: 0;
  font-weight: 700;
  font-size: 1rem;
  line-height: 1.5rem;
  letter-spacing: 0;
  font-family: Lato,sans-serif;
}

.emotion-14 {
  padding: 16px;
  display: grid;
  grid-gap: 0.25rem;
  padding-top: 0;
}

.emotion-14:last-child {
  padding-bottom: 24px;
}

.emotion-16 {
  display: -webkit-box;
  display: -webkit-flex;
  display: -ms-flexbox;
  display: flex;
  -webkit-align-items: center;
  -webkit-box-align: center;
  -ms-flex-align: center;
  align-items: center;
  padding: 8px;
  -webkit-box-pack: center;
  -ms-flex-pack: center;
  -webkit-justify-content: center;
  justify-content: center;
  border-top: 1px solid #0000001F;
}

.emotion-16>:not(:first-of-type) {
  margin-left: 8px;
}

.emotion-18 {
  display: -webkit-inline-box;
  display: -webkit-inline-flex;
  display: -ms-inline-flexbox;
  display: inline-flex;
  -webkit-align-items: center;
  -webkit-box-align: center;
  -ms-flex-align: center;
  align-items: center;
  -webkit-box-pack: center;
  -ms-flex-pack: center;
  -webkit-justify-content: center;
  justify-content: center;
  position: relative;
  box-sizing: border-box;
  -webkit-tap-highlight-color: transparent;
  background-color: transparent;
  outline: 0;
  border: 0;
  margin: 0;
  border-radius: 0;
  padding: 0;
  cursor: pointer;
  -webkit-user-select: none;
  -moz-user-select: none;
  -ms-user-select: none;
  user-select: none;
  vertical-align: middle;
  -moz-appearance: none;
  -webkit-appearance: none;
  -webkit-text-decoration: none;
  text-decoration: none;
  color: inherit;
  font-family: Lato,sans-serif;
  font-weight: 500;
  font-size: 0.875rem;
  line-height: 1.75;
  text-transform: uppercase;
  min-width: 64px;
  padding: 5px 15px;
  border-radius: 4px;
  -webkit-transition: background-color 250ms cubic-bezier(0.4, 0, 0.2, 1) 0ms,box-shadow 250ms cubic-bezier(0.4, 0, 0.2, 1) 0ms,border-color 250ms cubic-bezier(0.4, 0, 0.2, 1) 0ms,color 250ms cubic-bezier(0.4, 0, 0.2, 1) 0ms;
  transition: background-color 250ms cubic-bezier(0.4, 0, 0.2, 1) 0ms,box-shadow 250ms cubic-bezier(0.4, 0, 0.2, 1) 0ms,border-color 250ms cubic-bezier(0.4, 0, 0.2, 1) 0ms,color 250ms cubic-bezier(0.4, 0, 0.2, 1) 0ms;
  border: 1px solid rgba(74, 49, 255, 0.5);
  color: #4A31FF;
  text-transform: none;
}

.emotion-18::-moz-focus-inner {
  border-style: none;
}

.emotion-18.Mui-disabled {
  pointer-events: none;
  cursor: default;
}

@media print {
  .emotion-18 {
    -webkit-print-color-adjust: exact;
    color-adjust: exact;
  }
}

.emotion-18:hover {
  -webkit-text-decoration: none;
  text-decoration: none;
  background-color: rgba(74, 49, 255, 0.04);
  border: 1px solid #4A31FF;
}

@media (hover: none) {
  .emotion-18:hover {
    background-color: transparent;
  }
}

.emotion-18.Mui-disabled {
  color: #00000042;
  border: 1px solid #0000001F;
}

.emotion-19 {
  display: inherit;
  margin-right: 8px;
  margin-left: -4px;
}

.emotion-19>*:nth-of-type(1) {
  font-size: 20px;
}

.emotion-20 {
  -webkit-user-select: none;
  -moz-user-select: none;
  -ms-user-select: none;
  user-select: none;
  width: 1em;
  height: 1em;
  display: inline-block;
  fill: currentColor;
  -webkit-flex-shrink: 0;
  -ms-flex-negative: 0;
  flex-shrink: 0;
  -webkit-transition: fill 200ms cubic-bezier(0.4, 0, 0.2, 1) 0ms;
  transition: fill 200ms cubic-bezier(0.4, 0, 0.2, 1) 0ms;
  font-size: 1.5rem;
}

.emotion-21 {
  overflow: hidden;
  pointer-events: none;
  position: absolute;
  z-index: 0;
  top: 0;
  right: 0;
  bottom: 0;
  left: 0;
  border-radius: inherit;
}

<div>
  <div
    class="MuiPaper-root MuiPaper-elevation MuiPaper-rounded MuiPaper-elevation1 MuiCard-root emotion-0 emotion-1 emotion-2"
  >
    <div
      class="MuiCardHeader-root emotion-3 emotion-4"
    >
      <div
        class="MuiCardHeader-avatar emotion-5"
      />
      <div
        class="MuiCardHeader-content emotion-6"
      >
        <span
          class="MuiTypography-root MuiTypography-body2 MuiCardHeader-title emotion-7"
        >
          <div
            class="emotion-8 emotion-9"
          >
            <div
              class="emotion-10 emotion-11"
            >
              <h5
                class="MuiTypography-root MuiTypography-h5 emotion-12"
              >
                Informações do cliente
              </h5>
            </div>
          </div>
        </span>
      </div>
    </div>
    <div
      class="MuiCardContent-root emotion-13 emotion-14"
    />
    <div
      class="MuiCardActions-root MuiCardActions-spacing emotion-15 emotion-16"
    >
      <button
        class="MuiButtonBase-root MuiButton-root MuiButton-outlined MuiButton-outlinedPrimary MuiButton-sizeMedium MuiButton-outlinedSizeMedium MuiButton-root MuiButton-outlined MuiButton-outlinedPrimary MuiButton-sizeMedium MuiButton-outlinedSizeMedium emotion-17 emotion-18"
        tabindex="0"
        type="button"
      >
        <span
          class="MuiButton-startIcon MuiButton-iconSizeMedium emotion-19"
        >
          <svg
            aria-hidden="true"
            class="MuiSvgIcon-root MuiSvgIcon-fontSizeMedium emotion-20"
            data-testid="EditIcon"
            focusable="false"
            viewBox="0 0 24 24"
          >
            <path
              d="M3 17.25V21h3.75L17.81 9.94l-3.75-3.75L3 17.25zM20.71 7.04c.39-.39.39-1.02 0-1.41l-2.34-2.34a.9959.9959 0 0 0-1.41 0l-1.83 1.83 3.75 3.75 1.83-1.83z"
            />
          </svg>
        </span>
        Editar informações
        <span
          class="MuiTouchRipple-root emotion-21"
        />
      </button>
    </div>
  </div>
</div>
`;
