// Jest Snapshot v1, https://goo.gl/fbAQLP

exports[`should render FollowUp 1`] = `
.emotion-1 {
  box-sizing: border-box;
  -webkit-flex-direction: row;
  -ms-flex-direction: row;
  flex-direction: row;
  max-height: calc(10.9375rem + 75px);
  overflow-y: scroll;
}

.emotion-2 {
  display: -webkit-box;
  display: -webkit-flex;
  display: -ms-flexbox;
  display: flex;
  -webkit-flex-direction: column;
  -ms-flex-direction: column;
  flex-direction: column;
  padding: 6px 16px;
  -webkit-box-flex: 1;
  -webkit-flex-grow: 1;
  -ms-flex-positive: 1;
  flex-grow: 1;
  padding: 0rem;
}

.emotion-2 .MuiTimelineItem-root:before {
  -webkit-flex: 0;
  -ms-flex: 0;
  flex: 0;
  padding: 0rem;
}

<div>
  <div
    class="MuiGrid-root emotion-0 emotion-1"
  >
    <ul
      class="MuiTimeline-root MuiTimeline-positionRight emotion-2"
    />
  </div>
</div>
`;
