// Jest Snapshot v1, https://goo.gl/fbAQLP

exports[`should render ClienteDetalhes 1`] = `
<div>
  <div />
</div>
`;
