// Jest Snapshot v1, https://goo.gl/fbAQLP

exports[`should render TituloQuestionarioDialog 1`] = `
<div
  aria-hidden="true"
/>
`;
