// Jest Snapshot v1, https://goo.gl/fbAQLP

exports[`should render Dashboard 1`] = `
.emotion-0 {
  display: grid;
  grid-template-rows: auto;
  grid-auto-flow: row;
  grid-auto-rows: 1fr;
  row-gap: 1rem;
  margin-bottom: 1rem;
  height: 100%;
}

.emotion-2 {
  display: grid;
  margin-top: 1rem;
  row-gap: 0.25rem;
  -webkit-align-items: center;
  -webkit-box-align: center;
  -ms-flex-align: center;
  align-items: center;
  grid-auto-rows: min-content;
  grid-auto-flow: row;
}

.emotion-4 {
  box-sizing: border-box;
  display: -webkit-box;
  display: -webkit-flex;
  display: -ms-flexbox;
  display: flex;
  -webkit-box-flex-wrap: wrap;
  -webkit-flex-wrap: wrap;
  -ms-flex-wrap: wrap;
  flex-wrap: wrap;
  width: 100%;
  -webkit-flex-direction: row;
  -ms-flex-direction: row;
  flex-direction: row;
  -webkit-align-items: center;
  -webkit-box-align: center;
  -ms-flex-align: center;
  align-items: center;
}

.emotion-5 {
  box-sizing: border-box;
  margin: 0;
  -webkit-flex-direction: row;
  -ms-flex-direction: row;
  flex-direction: row;
}

.emotion-7 {
  margin: 0;
  font-weight: 700;
  font-size: 1.5rem;
  line-height: 1.8125rem;
  letter-spacing: 0;
  font-family: Lato,sans-serif;
  color: #3B3B41DE;
  display: -webkit-box;
  display: -webkit-flex;
  display: -ms-flexbox;
  display: flex;
  -webkit-align-items: center;
  -webkit-box-align: center;
  -ms-flex-align: center;
  align-items: center;
}

.emotion-8 {
  display: grid;
  grid-template-columns: repeat(12, 1fr);
  grid-template-rows: auto 1fr;
  gap: 1rem;
  height: 100%;
  min-height: 0;
}

<div>
  <section
    class="emotion-0 emotion-1"
  >
    <div
      class="emotion-2 emotion-3"
    >
      <div
        class="MuiGrid-root MuiGrid-container emotion-4"
      >
        <div
          class="MuiGrid-root MuiGrid-item emotion-5"
        >
          <h3
            class="MuiTypography-root MuiTypography-h3 emotion-6 emotion-7"
          >
            Dashboard
          </h3>
        </div>
      </div>
    </div>
    <div
      class="emotion-8 emotion-9"
    />
  </section>
</div>
`;
