// Jest Snapshot v1, https://goo.gl/fbAQLP

exports[`should render ClienteEditInfo 1`] = `
.emotion-1 {
  background-color: #fff;
  color: #3B3B41DE;
  -webkit-transition: box-shadow 300ms cubic-bezier(0.4, 0, 0.2, 1) 0ms;
  transition: box-shadow 300ms cubic-bezier(0.4, 0, 0.2, 1) 0ms;
  border-radius: 4px;
  box-shadow: 0px 2px 1px -1px rgba(0,0,0,0.2),0px 1px 1px 0px rgba(0,0,0,0.14),0px 1px 3px 0px rgba(0,0,0,0.12);
  overflow: hidden;
  overflow: visible;
  border-radius: 0.5rem;
  box-shadow: 0px 2px 4px -1px rgba(233, 233, 233, 0.8),0px 4px 5px rgba(233, 233, 233, 0.14),0px 1px 10px rgba(233, 233, 233, 0.12);
  background-color: #fff;
}

.emotion-2 {
  padding: 1.5rem 0rem 2rem 0rem;
  text-align: center;
}

.emotion-4 {
  margin: 0;
  font-weight: 700;
  font-size: 1.5rem;
  line-height: 1.8125rem;
  letter-spacing: 0;
  font-family: Lato,sans-serif;
}

.emotion-6 {
  padding: 16px;
  padding: 0rem 2.5rem 0rem 2.5rem;
}

.emotion-6:last-child {
  padding-bottom: 24px;
}

.emotion-7 {
  display: grid;
  row-gap: 1.5625rem;
  width: 100%;
  min-width: calc(13.125rem + 90px);
}

.emotion-10 {
  display: -webkit-box;
  display: -webkit-flex;
  display: -ms-flexbox;
  display: flex;
  -webkit-align-items: center;
  -webkit-box-align: center;
  -ms-flex-align: center;
  align-items: center;
  padding: 8px;
  -webkit-box-pack: end;
  -ms-flex-pack: end;
  -webkit-justify-content: flex-end;
  justify-content: flex-end;
  -webkit-flex: 0 0 auto;
  -ms-flex: 0 0 auto;
  flex: 0 0 auto;
  padding: 1rem 2.5rem 3rem 2.5rem;
  width: 100%;
}

.emotion-10>:not(:first-of-type) {
  margin-left: 8px;
}

.emotion-13 {
  display: -webkit-inline-box;
  display: -webkit-inline-flex;
  display: -ms-inline-flexbox;
  display: inline-flex;
  -webkit-align-items: center;
  -webkit-box-align: center;
  -ms-flex-align: center;
  align-items: center;
  -webkit-box-pack: center;
  -ms-flex-pack: center;
  -webkit-justify-content: center;
  justify-content: center;
  position: relative;
  box-sizing: border-box;
  -webkit-tap-highlight-color: transparent;
  background-color: transparent;
  outline: 0;
  border: 0;
  margin: 0;
  border-radius: 0;
  padding: 0;
  cursor: pointer;
  -webkit-user-select: none;
  -moz-user-select: none;
  -ms-user-select: none;
  user-select: none;
  vertical-align: middle;
  -moz-appearance: none;
  -webkit-appearance: none;
  -webkit-text-decoration: none;
  text-decoration: none;
  color: inherit;
  font-family: Lato,sans-serif;
  font-weight: 500;
  font-size: 0.9375rem;
  line-height: 1.75;
  text-transform: uppercase;
  min-width: 64px;
  padding: 8px 22px;
  border-radius: 4px;
  -webkit-transition: background-color 250ms cubic-bezier(0.4, 0, 0.2, 1) 0ms,box-shadow 250ms cubic-bezier(0.4, 0, 0.2, 1) 0ms,border-color 250ms cubic-bezier(0.4, 0, 0.2, 1) 0ms,color 250ms cubic-bezier(0.4, 0, 0.2, 1) 0ms;
  transition: background-color 250ms cubic-bezier(0.4, 0, 0.2, 1) 0ms,box-shadow 250ms cubic-bezier(0.4, 0, 0.2, 1) 0ms,border-color 250ms cubic-bezier(0.4, 0, 0.2, 1) 0ms,color 250ms cubic-bezier(0.4, 0, 0.2, 1) 0ms;
  color: #fff;
  background-color: #4A31FF;
  box-shadow: 0px 3px 1px -2px rgba(0,0,0,0.2),0px 2px 2px 0px rgba(0,0,0,0.14),0px 1px 5px 0px rgba(0,0,0,0.12);
  text-transform: none;
  width: 100%;
}

.emotion-13::-moz-focus-inner {
  border-style: none;
}

.emotion-13.Mui-disabled {
  pointer-events: none;
  cursor: default;
}

@media print {
  .emotion-13 {
    -webkit-print-color-adjust: exact;
    color-adjust: exact;
  }
}

.emotion-13:hover {
  -webkit-text-decoration: none;
  text-decoration: none;
  background-color: #2025EF;
  box-shadow: 0px 2px 4px -1px rgba(0,0,0,0.2),0px 4px 5px 0px rgba(0,0,0,0.14),0px 1px 10px 0px rgba(0,0,0,0.12);
}

@media (hover: none) {
  .emotion-13:hover {
    background-color: #4A31FF;
  }
}

.emotion-13:active {
  box-shadow: 0px 5px 5px -3px rgba(0,0,0,0.2),0px 8px 10px 1px rgba(0,0,0,0.14),0px 3px 14px 2px rgba(0,0,0,0.12);
}

.emotion-13.Mui-focusVisible {
  box-shadow: 0px 3px 5px -1px rgba(0,0,0,0.2),0px 6px 10px 0px rgba(0,0,0,0.14),0px 1px 18px 0px rgba(0,0,0,0.12);
}

.emotion-13.Mui-disabled {
  color: #00000042;
  box-shadow: none;
  background-color: #0000001F;
}

<div>
  <div
    class="MuiPaper-root MuiPaper-elevation MuiPaper-rounded MuiPaper-elevation1 MuiCard-root emotion-0 emotion-1"
  >
    <div
      class="emotion-2 emotion-3"
    >
      <h3
        class="MuiTypography-root MuiTypography-h3 emotion-4"
      >
        Informações básicas
      </h3>
    </div>
    <div
      class="MuiCardContent-root emotion-5 emotion-6"
    >
      <form
        class="emotion-7 emotion-8"
      />
    </div>
    <div
      class="MuiDialogActions-root MuiDialogActions-spacing emotion-9 emotion-10"
    >
      <button
        class="MuiButtonBase-root MuiButton-root MuiButton-contained MuiButton-containedPrimary MuiButton-sizeLarge MuiButton-containedSizeLarge Mui-disabled MuiButton-root MuiButton-contained MuiButton-containedPrimary MuiButton-sizeLarge MuiButton-containedSizeLarge emotion-11 emotion-12 emotion-13"
        disabled=""
        tabindex="-1"
        type="button"
      >
        Salvar alterações
      </button>
    </div>
  </div>
</div>
`;
