// Jest Snapshot v1, https://goo.gl/fbAQLP

exports[`should render ClienteContatosTelefoneEdit 1`] = `
.emotion-0 {
  display: grid;
  grid-template-columns: 16.375rem 13.25rem 12rem 12.375rem;
}

.emotion-2 {
  display: -webkit-inline-box;
  display: -webkit-inline-flex;
  display: -ms-inline-flexbox;
  display: inline-flex;
  -webkit-flex-direction: column;
  -ms-flex-direction: column;
  flex-direction: column;
  position: relative;
  min-width: 0;
  padding: 0;
  margin: 0;
  border: 0;
  vertical-align: top;
}

.emotion-3 {
  color: #3B3B4199;
  font-weight: 400;
  font-size: 1rem;
  line-height: 1.4375em;
  letter-spacing: 0.0094rem;
  font-family: Lato,sans-serif;
  padding: 0;
  position: relative;
  display: block;
  transform-origin: top left;
  white-space: nowrap;
  overflow: hidden;
  text-overflow: ellipsis;
  max-width: calc(133% - 32px);
  position: absolute;
  left: 0;
  top: 0;
  -webkit-transform: translate(14px, -9px) scale(0.75);
  -moz-transform: translate(14px, -9px) scale(0.75);
  -ms-transform: translate(14px, -9px) scale(0.75);
  transform: translate(14px, -9px) scale(0.75);
  -webkit-transition: color 200ms cubic-bezier(0.0, 0, 0.2, 1) 0ms,-webkit-transform 200ms cubic-bezier(0.0, 0, 0.2, 1) 0ms,max-width 200ms cubic-bezier(0.0, 0, 0.2, 1) 0ms;
  transition: color 200ms cubic-bezier(0.0, 0, 0.2, 1) 0ms,transform 200ms cubic-bezier(0.0, 0, 0.2, 1) 0ms,max-width 200ms cubic-bezier(0.0, 0, 0.2, 1) 0ms;
  z-index: 1;
  pointer-events: auto;
  -webkit-user-select: none;
  -moz-user-select: none;
  -ms-user-select: none;
  user-select: none;
}

.emotion-3.Mui-focused {
  color: #4A31FF;
}

.emotion-3.Mui-disabled {
  color: #3B3B4161;
}

.emotion-3.Mui-error {
  color: #F44336;
}

.emotion-4 {
  font-weight: 400;
  font-size: 1rem;
  line-height: 1.4375em;
  letter-spacing: 0.0094rem;
  font-family: Lato,sans-serif;
  color: #3B3B41DE;
  box-sizing: border-box;
  position: relative;
  cursor: text;
  display: -webkit-inline-box;
  display: -webkit-inline-flex;
  display: -ms-inline-flexbox;
  display: inline-flex;
  -webkit-align-items: center;
  -webkit-box-align: center;
  -ms-flex-align: center;
  align-items: center;
  position: relative;
  border-radius: 4px;
}

.emotion-4.Mui-disabled {
  color: #3B3B4161;
  cursor: default;
}

.emotion-4:hover .MuiOutlinedInput-notchedOutline {
  border-color: #3B3B41DE;
}

@media (hover: none) {
  .emotion-4:hover .MuiOutlinedInput-notchedOutline {
    border-color: rgba(0, 0, 0, 0.23);
  }
}

.emotion-4.Mui-focused .MuiOutlinedInput-notchedOutline {
  border-color: #4A31FF;
  border-width: 2px;
}

.emotion-4.Mui-error .MuiOutlinedInput-notchedOutline {
  border-color: #F44336;
}

.emotion-4.Mui-disabled .MuiOutlinedInput-notchedOutline {
  border-color: #00000042;
}

.emotion-5 {
  font: inherit;
  letter-spacing: inherit;
  color: currentColor;
  padding: 4px 0 5px;
  border: 0;
  box-sizing: content-box;
  background: none;
  height: 1.4375em;
  margin: 0;
  -webkit-tap-highlight-color: transparent;
  display: block;
  min-width: 0;
  width: 100%;
  -webkit-animation-name: mui-auto-fill-cancel;
  animation-name: mui-auto-fill-cancel;
  -webkit-animation-duration: 10ms;
  animation-duration: 10ms;
  padding-top: 1px;
  padding: 8.5px 14px;
}

.emotion-5::-webkit-input-placeholder {
  color: currentColor;
  opacity: 0.42;
  -webkit-transition: opacity 200ms cubic-bezier(0.4, 0, 0.2, 1) 0ms;
  transition: opacity 200ms cubic-bezier(0.4, 0, 0.2, 1) 0ms;
}

.emotion-5::-moz-placeholder {
  color: currentColor;
  opacity: 0.42;
  -webkit-transition: opacity 200ms cubic-bezier(0.4, 0, 0.2, 1) 0ms;
  transition: opacity 200ms cubic-bezier(0.4, 0, 0.2, 1) 0ms;
}

.emotion-5:-ms-input-placeholder {
  color: currentColor;
  opacity: 0.42;
  -webkit-transition: opacity 200ms cubic-bezier(0.4, 0, 0.2, 1) 0ms;
  transition: opacity 200ms cubic-bezier(0.4, 0, 0.2, 1) 0ms;
}

.emotion-5::-ms-input-placeholder {
  color: currentColor;
  opacity: 0.42;
  -webkit-transition: opacity 200ms cubic-bezier(0.4, 0, 0.2, 1) 0ms;
  transition: opacity 200ms cubic-bezier(0.4, 0, 0.2, 1) 0ms;
}

.emotion-5:focus {
  outline: 0;
}

.emotion-5:invalid {
  box-shadow: none;
}

.emotion-5::-webkit-search-decoration {
  -webkit-appearance: none;
}

label[data-shrink=false]+.MuiInputBase-formControl .emotion-5::-webkit-input-placeholder {
  opacity: 0!important;
}

label[data-shrink=false]+.MuiInputBase-formControl .emotion-5::-moz-placeholder {
  opacity: 0!important;
}

label[data-shrink=false]+.MuiInputBase-formControl .emotion-5:-ms-input-placeholder {
  opacity: 0!important;
}

label[data-shrink=false]+.MuiInputBase-formControl .emotion-5::-ms-input-placeholder {
  opacity: 0!important;
}

label[data-shrink=false]+.MuiInputBase-formControl .emotion-5:focus::-webkit-input-placeholder {
  opacity: 0.42;
}

label[data-shrink=false]+.MuiInputBase-formControl .emotion-5:focus::-moz-placeholder {
  opacity: 0.42;
}

label[data-shrink=false]+.MuiInputBase-formControl .emotion-5:focus:-ms-input-placeholder {
  opacity: 0.42;
}

label[data-shrink=false]+.MuiInputBase-formControl .emotion-5:focus::-ms-input-placeholder {
  opacity: 0.42;
}

.emotion-5.Mui-disabled {
  opacity: 1;
  -webkit-text-fill-color: #3B3B4161;
}

.emotion-5:-webkit-autofill {
  -webkit-animation-duration: 5000s;
  animation-duration: 5000s;
  -webkit-animation-name: mui-auto-fill;
  animation-name: mui-auto-fill;
}

.emotion-5:-webkit-autofill {
  border-radius: inherit;
}

.emotion-6 {
  text-align: left;
  position: absolute;
  bottom: 0;
  right: 0;
  top: -5px;
  left: 0;
  margin: 0;
  padding: 0 8px;
  pointer-events: none;
  border-radius: inherit;
  border-style: solid;
  border-width: 1px;
  overflow: hidden;
  min-width: 0%;
  border-color: rgba(0, 0, 0, 0.23);
}

.emotion-7 {
  float: unset;
  width: auto;
  overflow: hidden;
  display: block;
  padding: 0;
  height: 11px;
  font-size: 0.75em;
  visibility: hidden;
  max-width: 100%;
  -webkit-transition: max-width 100ms cubic-bezier(0.0, 0, 0.2, 1) 50ms;
  transition: max-width 100ms cubic-bezier(0.0, 0, 0.2, 1) 50ms;
  white-space: nowrap;
}

.emotion-7>span {
  padding-left: 5px;
  padding-right: 5px;
  display: inline-block;
  opacity: 0;
  visibility: visible;
}

.emotion-9 {
  margin: 0 1rem;
}

.emotion-9.Mui-focused .MuiAutocomplete-clearIndicator {
  visibility: visible;
}

@media (pointer: fine) {
  .emotion-9:hover .MuiAutocomplete-clearIndicator {
    visibility: visible;
  }
}

.emotion-9 .MuiAutocomplete-tag {
  margin: 2px;
  max-width: calc(100% - 4px);
}

.emotion-9 .MuiAutocomplete-inputRoot {
  -webkit-box-flex-wrap: wrap;
  -webkit-flex-wrap: wrap;
  -ms-flex-wrap: wrap;
  flex-wrap: wrap;
}

.MuiAutocomplete-hasPopupIcon.emotion-9 .MuiAutocomplete-inputRoot,
.MuiAutocomplete-hasClearIcon.emotion-9 .MuiAutocomplete-inputRoot {
  padding-right: 30px;
}

.MuiAutocomplete-hasPopupIcon.MuiAutocomplete-hasClearIcon.emotion-9 .MuiAutocomplete-inputRoot {
  padding-right: 56px;
}

.emotion-9 .MuiAutocomplete-inputRoot .MuiAutocomplete-input {
  width: 0;
  min-width: 30px;
}

.emotion-9 .MuiInput-root {
  padding-bottom: 1px;
}

.emotion-9 .MuiInput-root .MuiInput-input {
  padding: 4px 4px 4px 0px;
}

.emotion-9 .MuiInput-root.MuiInputBase-sizeSmall .MuiInput-input {
  padding: 2px 4px 3px 0;
}

.emotion-9 .MuiOutlinedInput-root {
  padding: 9px;
}

.MuiAutocomplete-hasPopupIcon.emotion-9 .MuiOutlinedInput-root,
.MuiAutocomplete-hasClearIcon.emotion-9 .MuiOutlinedInput-root {
  padding-right: 39px;
}

.MuiAutocomplete-hasPopupIcon.MuiAutocomplete-hasClearIcon.emotion-9 .MuiOutlinedInput-root {
  padding-right: 65px;
}

.emotion-9 .MuiOutlinedInput-root .MuiAutocomplete-input {
  padding: 7.5px 4px 7.5px 5px;
}

.emotion-9 .MuiOutlinedInput-root .MuiAutocomplete-endAdornment {
  right: 9px;
}

.emotion-9 .MuiOutlinedInput-root.MuiInputBase-sizeSmall {
  padding-top: 6px;
  padding-bottom: 6px;
  padding-left: 6px;
}

.emotion-9 .MuiOutlinedInput-root.MuiInputBase-sizeSmall .MuiAutocomplete-input {
  padding: 2.5px 4px 2.5px 8px;
}

.emotion-9 .MuiFilledInput-root {
  padding-top: 19px;
  padding-left: 8px;
}

.MuiAutocomplete-hasPopupIcon.emotion-9 .MuiFilledInput-root,
.MuiAutocomplete-hasClearIcon.emotion-9 .MuiFilledInput-root {
  padding-right: 39px;
}

.MuiAutocomplete-hasPopupIcon.MuiAutocomplete-hasClearIcon.emotion-9 .MuiFilledInput-root {
  padding-right: 65px;
}

.emotion-9 .MuiFilledInput-root .MuiFilledInput-input {
  padding: 7px 4px;
}

.emotion-9 .MuiFilledInput-root .MuiAutocomplete-endAdornment {
  right: 9px;
}

.emotion-9 .MuiFilledInput-root.MuiInputBase-sizeSmall {
  padding-bottom: 1px;
}

.emotion-9 .MuiFilledInput-root.MuiInputBase-sizeSmall .MuiFilledInput-input {
  padding: 2.5px 4px;
}

.emotion-9 .MuiInputBase-hiddenLabel {
  padding-top: 8px;
}

.emotion-9 .MuiFilledInput-root.MuiInputBase-hiddenLabel {
  padding-top: 0;
  padding-bottom: 0;
}

.emotion-9 .MuiFilledInput-root.MuiInputBase-hiddenLabel .MuiAutocomplete-input {
  padding-top: 16px;
  padding-bottom: 17px;
}

.emotion-9 .MuiFilledInput-root.MuiInputBase-hiddenLabel.MuiInputBase-sizeSmall .MuiAutocomplete-input {
  padding-top: 8px;
  padding-bottom: 9px;
}

.emotion-9 .MuiAutocomplete-input {
  -webkit-box-flex: 1;
  -webkit-flex-grow: 1;
  -ms-flex-positive: 1;
  flex-grow: 1;
  text-overflow: ellipsis;
  opacity: 1;
}

.emotion-10 {
  display: -webkit-inline-box;
  display: -webkit-inline-flex;
  display: -ms-inline-flexbox;
  display: inline-flex;
  -webkit-flex-direction: column;
  -ms-flex-direction: column;
  flex-direction: column;
  position: relative;
  min-width: 0;
  padding: 0;
  margin: 0;
  border: 0;
  vertical-align: top;
  width: 100%;
}

.emotion-12 {
  font-weight: 400;
  font-size: 1rem;
  line-height: 1.4375em;
  letter-spacing: 0.0094rem;
  font-family: Lato,sans-serif;
  color: #3B3B41DE;
  box-sizing: border-box;
  position: relative;
  cursor: text;
  display: -webkit-inline-box;
  display: -webkit-inline-flex;
  display: -ms-inline-flexbox;
  display: inline-flex;
  -webkit-align-items: center;
  -webkit-box-align: center;
  -ms-flex-align: center;
  align-items: center;
  width: 100%;
  position: relative;
  border-radius: 4px;
  padding-right: 14px;
}

.emotion-12.Mui-disabled {
  color: #3B3B4161;
  cursor: default;
}

.emotion-12:hover .MuiOutlinedInput-notchedOutline {
  border-color: #3B3B41DE;
}

@media (hover: none) {
  .emotion-12:hover .MuiOutlinedInput-notchedOutline {
    border-color: rgba(0, 0, 0, 0.23);
  }
}

.emotion-12.Mui-focused .MuiOutlinedInput-notchedOutline {
  border-color: #4A31FF;
  border-width: 2px;
}

.emotion-12.Mui-error .MuiOutlinedInput-notchedOutline {
  border-color: #F44336;
}

.emotion-12.Mui-disabled .MuiOutlinedInput-notchedOutline {
  border-color: #00000042;
}

.emotion-13 {
  font: inherit;
  letter-spacing: inherit;
  color: currentColor;
  padding: 4px 0 5px;
  border: 0;
  box-sizing: content-box;
  background: none;
  height: 1.4375em;
  margin: 0;
  -webkit-tap-highlight-color: transparent;
  display: block;
  min-width: 0;
  width: 100%;
  -webkit-animation-name: mui-auto-fill-cancel;
  animation-name: mui-auto-fill-cancel;
  -webkit-animation-duration: 10ms;
  animation-duration: 10ms;
  padding-top: 1px;
  padding: 8.5px 14px;
  padding-right: 0;
}

.emotion-13::-webkit-input-placeholder {
  color: currentColor;
  opacity: 0.42;
  -webkit-transition: opacity 200ms cubic-bezier(0.4, 0, 0.2, 1) 0ms;
  transition: opacity 200ms cubic-bezier(0.4, 0, 0.2, 1) 0ms;
}

.emotion-13::-moz-placeholder {
  color: currentColor;
  opacity: 0.42;
  -webkit-transition: opacity 200ms cubic-bezier(0.4, 0, 0.2, 1) 0ms;
  transition: opacity 200ms cubic-bezier(0.4, 0, 0.2, 1) 0ms;
}

.emotion-13:-ms-input-placeholder {
  color: currentColor;
  opacity: 0.42;
  -webkit-transition: opacity 200ms cubic-bezier(0.4, 0, 0.2, 1) 0ms;
  transition: opacity 200ms cubic-bezier(0.4, 0, 0.2, 1) 0ms;
}

.emotion-13::-ms-input-placeholder {
  color: currentColor;
  opacity: 0.42;
  -webkit-transition: opacity 200ms cubic-bezier(0.4, 0, 0.2, 1) 0ms;
  transition: opacity 200ms cubic-bezier(0.4, 0, 0.2, 1) 0ms;
}

.emotion-13:focus {
  outline: 0;
}

.emotion-13:invalid {
  box-shadow: none;
}

.emotion-13::-webkit-search-decoration {
  -webkit-appearance: none;
}

label[data-shrink=false]+.MuiInputBase-formControl .emotion-13::-webkit-input-placeholder {
  opacity: 0!important;
}

label[data-shrink=false]+.MuiInputBase-formControl .emotion-13::-moz-placeholder {
  opacity: 0!important;
}

label[data-shrink=false]+.MuiInputBase-formControl .emotion-13:-ms-input-placeholder {
  opacity: 0!important;
}

label[data-shrink=false]+.MuiInputBase-formControl .emotion-13::-ms-input-placeholder {
  opacity: 0!important;
}

label[data-shrink=false]+.MuiInputBase-formControl .emotion-13:focus::-webkit-input-placeholder {
  opacity: 0.42;
}

label[data-shrink=false]+.MuiInputBase-formControl .emotion-13:focus::-moz-placeholder {
  opacity: 0.42;
}

label[data-shrink=false]+.MuiInputBase-formControl .emotion-13:focus:-ms-input-placeholder {
  opacity: 0.42;
}

label[data-shrink=false]+.MuiInputBase-formControl .emotion-13:focus::-ms-input-placeholder {
  opacity: 0.42;
}

.emotion-13.Mui-disabled {
  opacity: 1;
  -webkit-text-fill-color: #3B3B4161;
}

.emotion-13:-webkit-autofill {
  -webkit-animation-duration: 5000s;
  animation-duration: 5000s;
  -webkit-animation-name: mui-auto-fill;
  animation-name: mui-auto-fill;
}

.emotion-13:-webkit-autofill {
  border-radius: inherit;
}

.emotion-14 {
  position: absolute;
  right: 0;
  top: calc(50% - 14px);
}

.emotion-15 {
  display: -webkit-inline-box;
  display: -webkit-inline-flex;
  display: -ms-inline-flexbox;
  display: inline-flex;
  -webkit-align-items: center;
  -webkit-box-align: center;
  -ms-flex-align: center;
  align-items: center;
  -webkit-box-pack: center;
  -ms-flex-pack: center;
  -webkit-justify-content: center;
  justify-content: center;
  position: relative;
  box-sizing: border-box;
  -webkit-tap-highlight-color: transparent;
  background-color: transparent;
  outline: 0;
  border: 0;
  margin: 0;
  border-radius: 0;
  padding: 0;
  cursor: pointer;
  -webkit-user-select: none;
  -moz-user-select: none;
  -ms-user-select: none;
  user-select: none;
  vertical-align: middle;
  -moz-appearance: none;
  -webkit-appearance: none;
  -webkit-text-decoration: none;
  text-decoration: none;
  color: inherit;
  text-align: center;
  -webkit-flex: 0 0 auto;
  -ms-flex: 0 0 auto;
  flex: 0 0 auto;
  font-size: 1.5rem;
  padding: 8px;
  border-radius: 50%;
  overflow: visible;
  color: #0000008A;
  -webkit-transition: background-color 150ms cubic-bezier(0.4, 0, 0.2, 1) 0ms;
  transition: background-color 150ms cubic-bezier(0.4, 0, 0.2, 1) 0ms;
  padding: 2px;
  margin-right: -2px;
}

.emotion-15::-moz-focus-inner {
  border-style: none;
}

.emotion-15.Mui-disabled {
  pointer-events: none;
  cursor: default;
}

@media print {
  .emotion-15 {
    -webkit-print-color-adjust: exact;
    color-adjust: exact;
  }
}

.emotion-15:hover {
  background-color: rgba(0, 0, 0, 0.04);
}

@media (hover: none) {
  .emotion-15:hover {
    background-color: transparent;
  }
}

.emotion-15.Mui-disabled {
  background-color: transparent;
  color: #00000042;
}

.emotion-16 {
  -webkit-user-select: none;
  -moz-user-select: none;
  -ms-user-select: none;
  user-select: none;
  width: 1em;
  height: 1em;
  display: inline-block;
  fill: currentColor;
  -webkit-flex-shrink: 0;
  -ms-flex-negative: 0;
  flex-shrink: 0;
  -webkit-transition: fill 200ms cubic-bezier(0.4, 0, 0.2, 1) 0ms;
  transition: fill 200ms cubic-bezier(0.4, 0, 0.2, 1) 0ms;
  font-size: 1.5rem;
}

.emotion-17 {
  overflow: hidden;
  pointer-events: none;
  position: absolute;
  z-index: 0;
  top: 0;
  right: 0;
  bottom: 0;
  left: 0;
  border-radius: inherit;
}

.emotion-21.react-tel-input .special-label {
  top: -0.5625rem;
  left: 0.4375rem;
  color: #3B3B4199;
  font-size: 0.75rem;
  font-weight: 400;
  line-height: 1.125rem;
  letter-spacing: 0.0106rem;
}

.emotion-21.react-tel-input .form-control {
  width: 100%;
  border-radius: 4px;
  border-color: #3B3B4199;
  height: calc(1.75rem + 12px);
  box-shadow: none;
  padding: 0.53125rem 0.875rem 0.53125rem 3.625rem;
}

.emotion-21.react-tel-input .form-control:focus {
  border-color: #3B3B4199;
  box-shadow: 0 0 0 0.0625rem #3B3B4199;
}

.emotion-23 {
  display: -webkit-box;
  display: -webkit-flex;
  display: -ms-flexbox;
  display: flex;
  -webkit-align-items: center;
  -webkit-box-align: center;
  -ms-flex-align: center;
  align-items: center;
}

.emotion-25 {
  margin-left: 0.5rem;
  height: 1.5rem;
}

.emotion-27 {
  display: -webkit-inline-box;
  display: -webkit-inline-flex;
  display: -ms-inline-flexbox;
  display: inline-flex;
  position: relative;
  font-size: 1.5rem;
  color: #faaf00;
  cursor: pointer;
  text-align: left;
  -webkit-tap-highlight-color: transparent;
}

.emotion-27.Mui-disabled {
  opacity: 0.38;
  pointer-events: none;
}

.emotion-27.Mui-focusVisible .MuiRating-iconActive {
  outline: 1px solid #999;
}

.emotion-27 .MuiRating-visuallyHidden {
  border: 0;
  clip: rect(0 0 0 0);
  height: 1px;
  margin: -1px;
  overflow: hidden;
  padding: 0;
  position: absolute;
  white-space: nowrap;
  width: 1px;
}

.emotion-28 {
  cursor: inherit;
}

.emotion-29 {
  display: -webkit-box;
  display: -webkit-flex;
  display: -ms-flexbox;
  display: flex;
  -webkit-transition: -webkit-transform 150ms cubic-bezier(0.4, 0, 0.2, 1) 0ms;
  transition: transform 150ms cubic-bezier(0.4, 0, 0.2, 1) 0ms;
  pointer-events: none;
}

.emotion-30 {
  -webkit-user-select: none;
  -moz-user-select: none;
  -ms-user-select: none;
  user-select: none;
  width: 1em;
  height: 1em;
  display: inline-block;
  fill: currentColor;
  -webkit-flex-shrink: 0;
  -ms-flex-negative: 0;
  flex-shrink: 0;
  -webkit-transition: fill 200ms cubic-bezier(0.4, 0, 0.2, 1) 0ms;
  transition: fill 200ms cubic-bezier(0.4, 0, 0.2, 1) 0ms;
  font-size: inherit;
}

.emotion-39 {
  display: -webkit-inline-box;
  display: -webkit-inline-flex;
  display: -ms-inline-flexbox;
  display: inline-flex;
  -webkit-align-items: center;
  -webkit-box-align: center;
  -ms-flex-align: center;
  align-items: center;
  cursor: pointer;
  vertical-align: middle;
  -webkit-tap-highlight-color: transparent;
  margin-left: -11px;
  margin-right: 16px;
  margin: 0;
}

.emotion-39.Mui-disabled {
  cursor: default;
}

.emotion-39 .MuiFormControlLabel-label.Mui-disabled {
  color: #3B3B4161;
}

.emotion-40 {
  display: -webkit-inline-box;
  display: -webkit-inline-flex;
  display: -ms-inline-flexbox;
  display: inline-flex;
  -webkit-align-items: center;
  -webkit-box-align: center;
  -ms-flex-align: center;
  align-items: center;
  -webkit-box-pack: center;
  -ms-flex-pack: center;
  -webkit-justify-content: center;
  justify-content: center;
  position: relative;
  box-sizing: border-box;
  -webkit-tap-highlight-color: transparent;
  background-color: transparent;
  outline: 0;
  border: 0;
  margin: 0;
  border-radius: 0;
  padding: 0;
  cursor: pointer;
  -webkit-user-select: none;
  -moz-user-select: none;
  -ms-user-select: none;
  user-select: none;
  vertical-align: middle;
  -moz-appearance: none;
  -webkit-appearance: none;
  -webkit-text-decoration: none;
  text-decoration: none;
  color: inherit;
  padding: 9px;
  border-radius: 50%;
  color: #3B3B4199;
}

.emotion-40::-moz-focus-inner {
  border-style: none;
}

.emotion-40.Mui-disabled {
  pointer-events: none;
  cursor: default;
}

@media print {
  .emotion-40 {
    -webkit-print-color-adjust: exact;
    color-adjust: exact;
  }
}

.emotion-40:hover {
  background-color: rgba(74, 49, 255, 0.04);
}

@media (hover: none) {
  .emotion-40:hover {
    background-color: transparent;
  }
}

.emotion-40.Mui-checked,
.emotion-40.MuiCheckbox-indeterminate {
  color: #4A31FF;
}

.emotion-40.Mui-disabled {
  color: #00000042;
}

.emotion-41 {
  cursor: inherit;
  position: absolute;
  opacity: 0;
  width: 100%;
  height: 100%;
  top: 0;
  left: 0;
  margin: 0;
  padding: 0;
  z-index: 1;
}

.emotion-44 {
  margin: 0;
  font-weight: 400;
  font-size: 1rem;
  line-height: 1.5rem;
  letter-spacing: 0.0094rem;
  font-family: Lato,sans-serif;
}

.emotion-45 {
  padding-top: 1.5rem;
  display: -webkit-box;
  display: -webkit-flex;
  display: -ms-flexbox;
  display: flex;
  gap: 0.75rem;
}

.emotion-48 {
  display: -webkit-inline-box;
  display: -webkit-inline-flex;
  display: -ms-inline-flexbox;
  display: inline-flex;
  -webkit-align-items: center;
  -webkit-box-align: center;
  -ms-flex-align: center;
  align-items: center;
  -webkit-box-pack: center;
  -ms-flex-pack: center;
  -webkit-justify-content: center;
  justify-content: center;
  position: relative;
  box-sizing: border-box;
  -webkit-tap-highlight-color: transparent;
  background-color: transparent;
  outline: 0;
  border: 0;
  margin: 0;
  border-radius: 0;
  padding: 0;
  cursor: pointer;
  -webkit-user-select: none;
  -moz-user-select: none;
  -ms-user-select: none;
  user-select: none;
  vertical-align: middle;
  -moz-appearance: none;
  -webkit-appearance: none;
  -webkit-text-decoration: none;
  text-decoration: none;
  color: inherit;
  font-family: Lato,sans-serif;
  font-weight: 500;
  font-size: 0.875rem;
  line-height: 1.75;
  text-transform: uppercase;
  min-width: 64px;
  padding: 5px 15px;
  border-radius: 4px;
  -webkit-transition: background-color 250ms cubic-bezier(0.4, 0, 0.2, 1) 0ms,box-shadow 250ms cubic-bezier(0.4, 0, 0.2, 1) 0ms,border-color 250ms cubic-bezier(0.4, 0, 0.2, 1) 0ms,color 250ms cubic-bezier(0.4, 0, 0.2, 1) 0ms;
  transition: background-color 250ms cubic-bezier(0.4, 0, 0.2, 1) 0ms,box-shadow 250ms cubic-bezier(0.4, 0, 0.2, 1) 0ms,border-color 250ms cubic-bezier(0.4, 0, 0.2, 1) 0ms,color 250ms cubic-bezier(0.4, 0, 0.2, 1) 0ms;
  border: 1px solid rgba(74, 49, 255, 0.5);
  color: #4A31FF;
  text-transform: none;
}

.emotion-48::-moz-focus-inner {
  border-style: none;
}

.emotion-48.Mui-disabled {
  pointer-events: none;
  cursor: default;
}

@media print {
  .emotion-48 {
    -webkit-print-color-adjust: exact;
    color-adjust: exact;
  }
}

.emotion-48:hover {
  -webkit-text-decoration: none;
  text-decoration: none;
  background-color: rgba(74, 49, 255, 0.04);
  border: 1px solid #4A31FF;
}

@media (hover: none) {
  .emotion-48:hover {
    background-color: transparent;
  }
}

.emotion-48.Mui-disabled {
  color: #00000042;
  border: 1px solid #0000001F;
}

.emotion-51 {
  display: -webkit-inline-box;
  display: -webkit-inline-flex;
  display: -ms-inline-flexbox;
  display: inline-flex;
  -webkit-align-items: center;
  -webkit-box-align: center;
  -ms-flex-align: center;
  align-items: center;
  -webkit-box-pack: center;
  -ms-flex-pack: center;
  -webkit-justify-content: center;
  justify-content: center;
  position: relative;
  box-sizing: border-box;
  -webkit-tap-highlight-color: transparent;
  background-color: transparent;
  outline: 0;
  border: 0;
  margin: 0;
  border-radius: 0;
  padding: 0;
  cursor: pointer;
  -webkit-user-select: none;
  -moz-user-select: none;
  -ms-user-select: none;
  user-select: none;
  vertical-align: middle;
  -moz-appearance: none;
  -webkit-appearance: none;
  -webkit-text-decoration: none;
  text-decoration: none;
  color: inherit;
  font-family: Lato,sans-serif;
  font-weight: 500;
  font-size: 0.875rem;
  line-height: 1.75;
  text-transform: uppercase;
  min-width: 64px;
  padding: 6px 16px;
  border-radius: 4px;
  -webkit-transition: background-color 250ms cubic-bezier(0.4, 0, 0.2, 1) 0ms,box-shadow 250ms cubic-bezier(0.4, 0, 0.2, 1) 0ms,border-color 250ms cubic-bezier(0.4, 0, 0.2, 1) 0ms,color 250ms cubic-bezier(0.4, 0, 0.2, 1) 0ms;
  transition: background-color 250ms cubic-bezier(0.4, 0, 0.2, 1) 0ms,box-shadow 250ms cubic-bezier(0.4, 0, 0.2, 1) 0ms,border-color 250ms cubic-bezier(0.4, 0, 0.2, 1) 0ms,color 250ms cubic-bezier(0.4, 0, 0.2, 1) 0ms;
  color: #fff;
  background-color: #4A31FF;
  box-shadow: 0px 3px 1px -2px rgba(0,0,0,0.2),0px 2px 2px 0px rgba(0,0,0,0.14),0px 1px 5px 0px rgba(0,0,0,0.12);
  text-transform: none;
}

.emotion-51::-moz-focus-inner {
  border-style: none;
}

.emotion-51.Mui-disabled {
  pointer-events: none;
  cursor: default;
}

@media print {
  .emotion-51 {
    -webkit-print-color-adjust: exact;
    color-adjust: exact;
  }
}

.emotion-51:hover {
  -webkit-text-decoration: none;
  text-decoration: none;
  background-color: #2025EF;
  box-shadow: 0px 2px 4px -1px rgba(0,0,0,0.2),0px 4px 5px 0px rgba(0,0,0,0.14),0px 1px 10px 0px rgba(0,0,0,0.12);
}

@media (hover: none) {
  .emotion-51:hover {
    background-color: #4A31FF;
  }
}

.emotion-51:active {
  box-shadow: 0px 5px 5px -3px rgba(0,0,0,0.2),0px 8px 10px 1px rgba(0,0,0,0.14),0px 3px 14px 2px rgba(0,0,0,0.12);
}

.emotion-51.Mui-focusVisible {
  box-shadow: 0px 3px 5px -1px rgba(0,0,0,0.2),0px 6px 10px 0px rgba(0,0,0,0.14),0px 1px 18px 0px rgba(0,0,0,0.12);
}

.emotion-51.Mui-disabled {
  color: #00000042;
  box-shadow: none;
  background-color: #0000001F;
}

<div>
  <form>
    <div
      class="emotion-0 emotion-1"
    >
      <div
        class="MuiFormControl-root MuiTextField-root emotion-2"
      >
        <label
          class="MuiFormLabel-root MuiInputLabel-root MuiInputLabel-formControl MuiInputLabel-animated MuiInputLabel-shrink MuiInputLabel-sizeSmall MuiInputLabel-outlined MuiFormLabel-colorPrimary MuiFormLabel-filled MuiInputLabel-root MuiInputLabel-formControl MuiInputLabel-animated MuiInputLabel-shrink MuiInputLabel-sizeSmall MuiInputLabel-outlined emotion-3"
          data-shrink="true"
          for=":r0:"
          id=":r0:-label"
        >
          Nome do contato
        </label>
        <div
          class="MuiInputBase-root MuiOutlinedInput-root MuiInputBase-colorPrimary MuiInputBase-formControl MuiInputBase-sizeSmall emotion-4"
        >
          <input
            aria-invalid="false"
            class="MuiInputBase-input MuiOutlinedInput-input MuiInputBase-inputSizeSmall emotion-5"
            id=":r0:"
            type="text"
            value="Marcos"
          />
          <fieldset
            aria-hidden="true"
            class="MuiOutlinedInput-notchedOutline emotion-6"
          >
            <legend
              class="emotion-7"
            >
              <span>
                Nome do contato
              </span>
            </legend>
          </fieldset>
        </div>
      </div>
      <div
        class="MuiAutocomplete-root MuiAutocomplete-hasPopupIcon emotion-8 emotion-9"
      >
        <div
          class="MuiFormControl-root MuiFormControl-fullWidth MuiTextField-root emotion-10"
        >
          <label
            class="MuiFormLabel-root MuiInputLabel-root MuiInputLabel-formControl MuiInputLabel-animated MuiInputLabel-shrink MuiInputLabel-sizeSmall MuiInputLabel-outlined MuiFormLabel-colorPrimary MuiFormLabel-filled MuiInputLabel-root MuiInputLabel-formControl MuiInputLabel-animated MuiInputLabel-shrink MuiInputLabel-sizeSmall MuiInputLabel-outlined emotion-3"
            data-shrink="true"
            for="autocomplete-outlined"
            id="autocomplete-outlined-label"
          >
            Marcador
          </label>
          <div
            class="MuiInputBase-root MuiOutlinedInput-root MuiInputBase-colorPrimary MuiInputBase-fullWidth MuiInputBase-formControl MuiInputBase-sizeSmall MuiInputBase-adornedEnd MuiAutocomplete-inputRoot emotion-12"
          >
            <input
              aria-autocomplete="list"
              aria-expanded="false"
              aria-invalid="false"
              autocapitalize="none"
              autocomplete="off"
              class="MuiInputBase-input MuiOutlinedInput-input MuiInputBase-inputSizeSmall MuiInputBase-inputAdornedEnd MuiAutocomplete-input MuiAutocomplete-inputFocused emotion-13"
              id="autocomplete-outlined"
              role="combobox"
              spellcheck="false"
              type="text"
              value="Avô / Avó"
            />
            <div
              class="MuiAutocomplete-endAdornment emotion-14"
            >
              <button
                aria-label="Open"
                class="MuiButtonBase-root MuiIconButton-root MuiIconButton-sizeMedium MuiAutocomplete-popupIndicator emotion-15"
                tabindex="-1"
                title="Open"
                type="button"
              >
                <svg
                  aria-hidden="true"
                  class="MuiSvgIcon-root MuiSvgIcon-fontSizeMedium emotion-16"
                  data-testid="ArrowDropDownIcon"
                  focusable="false"
                  viewBox="0 0 24 24"
                >
                  <path
                    d="M7 10l5 5 5-5z"
                  />
                </svg>
                <span
                  class="MuiTouchRipple-root emotion-17"
                />
              </button>
            </div>
            <fieldset
              aria-hidden="true"
              class="MuiOutlinedInput-notchedOutline emotion-6"
            >
              <legend
                class="emotion-7"
              >
                <span>
                  Marcador
                </span>
              </legend>
            </fieldset>
          </div>
        </div>
      </div>
      <div
        class="MuiBox-root emotion-20"
      >
        <div
          class=" react-tel-input  emotion-21 emotion-22"
        >
          <div
            class="special-label"
          >
            Telefone
          </div>
          <input
            class="form-control "
            placeholder="1 (702) 123-4567"
            readonly=""
            type="tel"
            value="+40 934 989 74"
          />
          <div
            class="flag-dropdown "
          >
            <div
              aria-haspopup="listbox"
              class="selected-flag"
              role="button"
              tabindex="-1"
              title="Romênia: + 40"
            >
              <div
                class="flag ro"
              />
            </div>
          </div>
        </div>
      </div>
      <div
        class="emotion-23 emotion-24"
      >
        <div
          aria-label="Excelente"
          class="emotion-25 emotion-26"
          data-mui-internal-clone-element="true"
        >
          <span
            class="MuiRating-root MuiRating-sizeMedium emotion-27"
          >
            <label
              class="emotion-28"
              for=":r5:"
            >
              <span
                class="MuiRating-icon MuiRating-iconFilled emotion-29"
              >
                <svg
                  aria-hidden="true"
                  class="MuiSvgIcon-root MuiSvgIcon-fontSizeInherit emotion-30"
                  data-testid="StarIcon"
                  focusable="false"
                  viewBox="0 0 24 24"
                >
                  <path
                    d="M12 17.27L18.18 21l-1.64-7.03L22 9.24l-7.19-.61L12 2 9.19 8.63 2 9.24l5.46 4.73L5.82 21z"
                  />
                </svg>
              </span>
              <span
                class="MuiRating-visuallyHidden"
              >
                1 Star
              </span>
            </label>
            <input
              class="MuiRating-visuallyHidden"
              id=":r5:"
              name=":r4:"
              type="radio"
              value="1"
            />
            <label
              class="emotion-28"
              for=":r6:"
            >
              <span
                class="MuiRating-icon MuiRating-iconFilled emotion-29"
              >
                <svg
                  aria-hidden="true"
                  class="MuiSvgIcon-root MuiSvgIcon-fontSizeInherit emotion-30"
                  data-testid="StarIcon"
                  focusable="false"
                  viewBox="0 0 24 24"
                >
                  <path
                    d="M12 17.27L18.18 21l-1.64-7.03L22 9.24l-7.19-.61L12 2 9.19 8.63 2 9.24l5.46 4.73L5.82 21z"
                  />
                </svg>
              </span>
              <span
                class="MuiRating-visuallyHidden"
              >
                2 Stars
              </span>
            </label>
            <input
              class="MuiRating-visuallyHidden"
              id=":r6:"
              name=":r4:"
              type="radio"
              value="2"
            />
            <label
              class="emotion-28"
              for=":r7:"
            >
              <span
                class="MuiRating-icon MuiRating-iconFilled emotion-29"
              >
                <svg
                  aria-hidden="true"
                  class="MuiSvgIcon-root MuiSvgIcon-fontSizeInherit emotion-30"
                  data-testid="StarIcon"
                  focusable="false"
                  viewBox="0 0 24 24"
                >
                  <path
                    d="M12 17.27L18.18 21l-1.64-7.03L22 9.24l-7.19-.61L12 2 9.19 8.63 2 9.24l5.46 4.73L5.82 21z"
                  />
                </svg>
              </span>
              <span
                class="MuiRating-visuallyHidden"
              >
                3 Stars
              </span>
            </label>
            <input
              class="MuiRating-visuallyHidden"
              id=":r7:"
              name=":r4:"
              type="radio"
              value="3"
            />
            <label
              class="MuiRating-label MuiRating-pristine emotion-28"
            >
              <input
                class="MuiRating-visuallyHidden"
                id=":r4:-empty"
                name=":r4:"
                type="radio"
                value=""
              />
              <span
                class="MuiRating-visuallyHidden"
              >
                Empty
              </span>
            </label>
          </span>
        </div>
        <label
          class="MuiFormControlLabel-root MuiFormControlLabel-labelPlacementEnd emotion-38 emotion-39"
        >
          <span
            class="MuiButtonBase-root MuiCheckbox-root MuiCheckbox-colorPrimary PrivateSwitchBase-root MuiCheckbox-root MuiCheckbox-colorPrimary Mui-checked MuiCheckbox-root MuiCheckbox-colorPrimary emotion-40"
          >
            <input
              checked=""
              class="PrivateSwitchBase-input emotion-41"
              data-indeterminate="false"
              type="checkbox"
            />
            <svg
              aria-hidden="true"
              class="MuiSvgIcon-root MuiSvgIcon-fontSizeMedium emotion-16"
              data-testid="CheckBoxIcon"
              focusable="false"
              viewBox="0 0 24 24"
            >
              <path
                d="M19 3H5c-1.11 0-2 .9-2 2v14c0 1.1.89 2 2 2h14c1.11 0 2-.9 2-2V5c0-1.1-.89-2-2-2zm-9 14l-5-5 1.41-1.41L10 14.17l7.59-7.59L19 8l-9 9z"
              />
            </svg>
            <span
              class="MuiTouchRipple-root emotion-17"
            />
          </span>
          <span
            class="MuiTypography-root MuiTypography-body1 MuiFormControlLabel-label emotion-44"
          >
            WhatsApp
          </span>
        </label>
      </div>
    </div>
    <div
      class="emotion-45 emotion-46"
    >
      <button
        class="MuiButtonBase-root MuiButton-root MuiButton-outlined MuiButton-outlinedPrimary MuiButton-sizeMedium MuiButton-outlinedSizeMedium MuiButton-root MuiButton-outlined MuiButton-outlinedPrimary MuiButton-sizeMedium MuiButton-outlinedSizeMedium emotion-47 emotion-48"
        tabindex="0"
        type="button"
      >
        Cancelar
        <span
          class="MuiTouchRipple-root emotion-17"
        />
      </button>
      <button
        class="MuiButtonBase-root MuiButton-root MuiButton-contained MuiButton-containedPrimary MuiButton-sizeMedium MuiButton-containedSizeMedium MuiButton-root MuiButton-contained MuiButton-containedPrimary MuiButton-sizeMedium MuiButton-containedSizeMedium emotion-47 emotion-51"
        tabindex="0"
        type="submit"
      >
        Salvar alterações
        <span
          class="MuiTouchRipple-root emotion-17"
        />
      </button>
    </div>
  </form>
</div>
`;
